
> @nence/datetime@1.0.6 test
> tsx test.ts

